> git-stacked stack a1
Switched to a new branch 'a1'
[a1 5a8f06a] Start of a1

> git-stacked stack a2
Switched to a new branch 'a2'
[a2 5fb4aab] Start of a2

> git-stacked branch
* a2
  a1

> git checkout main
Switched to branch 'main'
Your branch is up to date with 'origin/main'.

> git-stacked stack b1
Switched to a new branch 'b1'
[b1 9fb7557] Start of b1

> git-stacked all
  a2
* b1

> git checkout a2
Switched to branch 'a2'

> git-stacked push
branch: a1
----------------------------
remote: 
remote: Create a pull request for 'a1' on GitHub by visiting:        
remote:      https://github.com/raymondji/git-stacked-testing/pull/new/a1        
remote: 
To github.com:raymondji/git-stacked-testing.git
 * [new branch]      a1 -> a1

branch: a2
----------------------------
remote: 
remote: Create a pull request for 'a2' on GitHub by visiting:        
remote:      https://github.com/raymondji/git-stacked-testing/pull/new/a2        
remote: 
To github.com:raymondji/git-stacked-testing.git
 * [new branch]      a2 -> a2


> git checkout main
Switched to branch 'main'
Your branch is up to date with 'origin/main'.

> git commit --allow-empty -m New changes in main
[main bdab053] New changes in main

> git checkout a2
Switched to branch 'a2'

> git-stacked pull
Switched to branch 'main'
Your branch is ahead of 'origin/main' by 1 commit.
  (use "git push" to publish your local commits)
Already up to date.
Switched to branch 'a2'
Rebasing (1/4)Rebasing (2/4)Rebasing (3/4)[KSuccessfully rebased and updated refs/heads/a2.
Updated the following refs with --update-refs:
	refs/heads/a1

> git-stacked push
branch: a1
----------------------------
To github.com:raymondji/git-stacked-testing.git
 + 5a8f06a...5818a4e a1 -> a1 (forced update)

branch: a2
----------------------------
To github.com:raymondji/git-stacked-testing.git
 + 5fb4aab...082a244 a2 -> a2 (forced update)


